
========================================================================
  AMFuse — Inicio de entrenamiento
========================================================================
  Fecha/hora:  2026-05-28 05:39:28

  Configuración:
  data_dir                      : D:\Leo_2026_1\PFC2\amfuse_2\data
  exp_dir                       : D:\Leo_2026_1\PFC2\amfuse_2\experiments
  task                          : regression
  epochs                        : 10
  batch_size                    : 64
  lr                            : 0.0001
  weight_decay                  : 0.0001
  d_hidden                      : 256
  missing_rate                  : 0.2
  num_workers                   : 0
  seed                          : 42
  device                        : cuda

  Archivos de salida:
  Directorio experimento        : D:\Leo_2026_1\PFC2\amfuse_2\experiments\20260528_053928
  Log detallado                 : D:\Leo_2026_1\PFC2\amfuse_2\experiments\20260528_053928\run.log
  Mejor checkpoint              : D:\Leo_2026_1\PFC2\amfuse_2\experiments\20260528_053928\best_model.pt
  Último checkpoint             : D:\Leo_2026_1\PFC2\amfuse_2\experiments\20260528_053928\last_model.pt
  Métricas JSON                 : D:\Leo_2026_1\PFC2\amfuse_2\experiments\20260528_053928\metrics.json
  TensorBoard                   : D:\Leo_2026_1\PFC2\amfuse_2\experiments\20260528_053928\tensorboard

------------------------------------------------------------------------
  Dispositivo
------------------------------------------------------------------------
  Device                        : cuda
  GPU                           : NVIDIA GeForce RTX 5060 Ti
  CUDA version                  : 12.8
  VRAM total                    : 17.1 GB

------------------------------------------------------------------------
  Carga de datos
------------------------------------------------------------------------
  Cargando splits de CMU-MOSEI ...
  Splits cargados en 1.5s

  Tamaño de splits:
    train                       : 15,862 muestras  (248 batches × batch_size=64)
    valid                       : 1,871 muestras  (30 batches × batch_size=64)
    test                        : 2,363 muestras  (37 batches × batch_size=64)

  Dimensiones de features:
    Texto (BERT CLS)            : 768
    Audio (COVAREP)             : 74
    Video (FACET)               : 35
    Missing rate train          : 20%

------------------------------------------------------------------------
  Arquitectura AMFuse
------------------------------------------------------------------------
  Pipeline: M1(estado) -> M2(proyección) -> M3A(generación) -> M3B(confiabilidad) -> M4(cross-attn) -> M5(fusión) -> M6(clasificador)

  Parámetros por módulo:
    M2  UnimodalProjectors        :    225,280
    M3A MissingGenerator          :  1,581,312
    M3B ConfidenceEstimator       :     99,075
    M4  DynamicCrossAttn          :    789,504
    M5  ConfidenceAwareFusion     :    197,635
    M6  Classifier                :     33,025
    TOTAL                         :  2,925,831
    ENTRENABLES                   :  2,925,831

  Hiperparámetros del modelo:
    Dimensión latente d         : 256
    Cabezas de atención         : 8
    Beta (penalización)         : 0.5
    Task                        : regression

------------------------------------------------------------------------
  Optimizador
------------------------------------------------------------------------
  Optimizador                   : AdamW
  Learning rate                 : 0.0001
  Weight decay                  : 0.0001
  Scheduler                     : CosineAnnealingLR (T_max=10)
  Loss                          : MAE (L1Loss)
  Gradient clipping             : max_norm=1.0

========================================================================
  Entrenamiento — 10 épocas
========================================================================

  Época   Tr Loss  Val Loss      MAE     Corr     Acc7     Acc2       F1   Tiempo  Mejor
  --------------------------------------------------------------------------------------

------------------------------------------------------------------------
  Detalle módulos — Época 1, Batch 1
------------------------------------------------------------------------
  [M1]  Estado de modalidades — batch=64  Texto=49  Audio=49  Video=48  presentes
  [M2]  Proyectores unimodales ->
    [M2] Proyección unimodal completada — Texto: 49/64 presentes  Audio: 49/64 presentes  Video: 48/64 presentes
    [M2] Normas embeddings -> h_t=5.876  h_a=6.535  h_v=6.402
  [M3A] Generador de modalidades faltantes ->
    [M3A] Generando TEXTO para 15 muestras (audio+video como referencia)
    [M3A] Generando AUDIO para 15 muestras (texto+video como referencia)
    [M3A] Generando VIDEO para 16 muestras (texto+audio como referencia)
  [M3B] Estimador de confiabilidad ->
    [M3B] Confiabilidad estimada -> c_t=0.397±0.106  c_a=0.406±0.107  c_v=0.429±0.111  (beta=0.5)
  [M4]  Atención cruzada con ancla dinámica ->
    [M4]  Ancla seleccionada -> Texto: 9  Audio: 15  Video: 40  muestras
  [M5]  Fusión dinámica consciente de confiabilidad ->
    [M5]  Pesos base λ     -> t=0.345  a=0.316  v=0.338
    [M5]  Pesos finales λ'' -> t=0.333  a=0.313  v=0.354
  [M6]  Clasificador ->
    [M6]  Predicciones -> shape=(64, 1)  min=-0.084  max=0.108
      1    0.3302    0.5188   0.5188   0.7500   0.5398   0.7167   0.7077     4.6s << MEJOR
      2    0.2813    0.5176   0.5176   0.7475   0.5409   0.7231   0.7167     4.1s << MEJOR
      3    0.2772    0.5144   0.5144   0.7516   0.5414   0.7199   0.7123     4.2s << MEJOR
      4    0.2689    0.5140   0.5140   0.7517   0.5404   0.7173   0.7086     4.0s << MEJOR
      5    0.2697    0.5141   0.5141   0.7517   0.5441   0.7183   0.7101     4.1s

------------------------------------------------------------------------
  Stats del modelo — Época 5
------------------------------------------------------------------------
  Normas de gradientes (promedio por módulo):
    M2 projectors            : 0.072605
    M3A generator            : 0.015674
    M3B confidence           : 0.017133
    M4 cross attn            : 0.026928
    M5 fusion                : 0.159901
    M6 classifier            : 0.217747

  Normas de parámetros (W, media ± std):
    M2  Proyectores          : 9.2560 ± 0.0263
    M3A Generador            : 12.8024 ± 4.2166
    M3B Confiabilidad        : 3.5778 ± 2.9931
    M4  CrossAttn            : 14.4299 ± 5.1735
    M5  Fusión               : 5.1152 ± 4.1610
    M6  Clasificador         : 3.5256 ± 2.9852

  Confiabilidad media en validación:
      c_t (Texto)               : 0.7371
      c_a (Audio)               : 0.4222
      c_v (Video)               : 0.3840
      LR actual                 : 5.00e-05

      6    0.2598    0.5160   0.5160   0.7504   0.5334   0.7173   0.7090     4.1s
      7    0.2721    0.5184   0.5184   0.7512   0.5313   0.7162   0.7075     4.2s
      8    0.2646    0.5169   0.5169   0.7509   0.5334   0.7226   0.7156     4.0s
      9    0.2664    0.5174   0.5174   0.7508   0.5329   0.7199   0.7121     4.0s

------------------------------------------------------------------------
  Detalle módulos — Época 10, Batch 1
------------------------------------------------------------------------
  [M1]  Estado de modalidades — batch=64  Texto=58  Audio=50  Video=56  presentes
  [M2]  Proyectores unimodales ->
    [M2] Proyección unimodal completada — Texto: 58/64 presentes  Audio: 50/64 presentes  Video: 56/64 presentes
    [M2] Normas embeddings -> h_t=12.567  h_a=6.713  h_v=8.560
  [M3A] Generador de modalidades faltantes ->
    [M3A] Generando TEXTO para 6 muestras (audio+video como referencia)
    [M3A] Generando AUDIO para 14 muestras (texto+video como referencia)
    [M3A] Generando VIDEO para 8 muestras (texto+audio como referencia)
  [M3B] Estimador de confiabilidad ->
    [M3B] Confiabilidad estimada -> c_t=0.742±0.215  c_a=0.392±0.066  c_v=0.359±0.060  (beta=0.5)
  [M4]  Atención cruzada con ancla dinámica ->
    [M4]  Ancla seleccionada -> Texto: 58  Audio: 4  Video: 2  muestras
  [M5]  Fusión dinámica consciente de confiabilidad ->
    [M5]  Pesos base λ     -> t=0.449  a=0.339  v=0.212
    [M5]  Pesos finales λ'' -> t=0.585  a=0.265  v=0.150
  [M6]  Clasificador ->
    [M6]  Predicciones -> shape=(64, 1)  min=-2.818  max=3.007
     10    0.2617    0.5165   0.5165   0.7512   0.5339   0.7205   0.7126     4.2s

------------------------------------------------------------------------
  Stats del modelo — Época 10
------------------------------------------------------------------------
  Normas de gradientes (promedio por módulo):
    M2 projectors            : 0.077262
    M3A generator            : 0.010289
    M3B confidence           : 0.017454
    M4 cross attn            : 0.024755
    M5 fusion                : 0.128658
    M6 classifier            : 0.186632

  Normas de parámetros (W, media ± std):
    M2  Proyectores          : 9.2611 ± 0.0293
    M3A Generador            : 12.8061 ± 4.2146
    M3B Confiabilidad        : 3.5864 ± 2.9959
    M4  CrossAttn            : 14.4335 ± 5.1720
    M5  Fusión               : 5.1243 ± 4.1671
    M6  Clasificador         : 3.5271 ± 2.9864

  Confiabilidad media en validación:
      c_t (Texto)               : 0.7487
      c_a (Audio)               : 0.4228
      c_v (Video)               : 0.3772
      LR actual                 : 0.00e+00


========================================================================
  Evaluación en TEST (mejor checkpoint)
========================================================================
  Cargando checkpoint de época 4 ...

    Pérdida test                : 0.5405

  Métricas test:
      MAE                       : 0.5405
      Corr                      : 0.7623
      Acc7                      : 0.5370
      Acc2                      : 0.7237
      F1                        : 0.7195

  Confiabilidad media en test:
      c_t (Texto)               : 0.7372
      c_a (Audio)               : 0.4169
      c_v (Video)               : 0.3855

========================================================================
  Resumen de la ejecución
========================================================================
  Épocas completadas            : 10
  Mejor época                   : 4
  Mejor val_loss                : 0.5140
  Tiempo total                  : 0.7 min
  Tiempo promedio/época         : 4.2s

  Archivos generados:
      Mejor checkpoint          : D:\Leo_2026_1\PFC2\amfuse_2\experiments\20260528_053928\best_model.pt
      Último checkpoint         : D:\Leo_2026_1\PFC2\amfuse_2\experiments\20260528_053928\last_model.pt
      Métricas JSON             : D:\Leo_2026_1\PFC2\amfuse_2\experiments\20260528_053928\metrics.json
      Log completo              : D:\Leo_2026_1\PFC2\amfuse_2\experiments\20260528_053928\run.log
      TensorBoard               : D:\Leo_2026_1\PFC2\amfuse_2\experiments\20260528_053928\tensorboard

  Contenido del checkpoint (best_model.pt):
    - model state_dict  (pesos del modelo)
    - optimizer state_dict
    - epoch, val_loss, val_metrics
    - args (config completa)

  Para cargar el modelo entrenado:
    import torch
    from model import AMFuse
    ckpt  = torch.load('D:\Leo_2026_1\PFC2\amfuse_2\experiments\20260528_053928\best_model.pt')
    model = AMFuse(task='regression', d=256)
    model.load_state_dict(ckpt['model'])
    model.eval()

  Para ver las curvas de entrenamiento:
    tensorboard --logdir "D:\Leo_2026_1\PFC2\amfuse_2\experiments\20260528_053928\tensorboard"

========================================================================
  Fin del entrenamiento
========================================================================
  Fecha/hora de cierre:  2026-05-28 05:40:13

========================================================================
  Log cerrado:  2026-05-28 05:40:13
========================================================================
